// Jest Snapshot v1, https://goo.gl/fbAQLP

exports[`Signup changed by user input 1`] = `
<div
  className="Login"
>
  <div
    style={
      Object {
        "margin-top": "30px",
      }
    }
  >
    <div
      style={
        Object {
          "padding-top": "30px",
          "text-align": "center",
        }
      }
    >
      <img
        alt="loading the way image..."
        src="./way.png"
        style={
          Object {
            "height": 128,
            "vertical-align": "middle",
            "width": 256,
          }
        }
      />
      <h2>
        AI TOKYO LAB & Co.
      </h2>
    </div>
  </div>
  <h3
    style={
      Object {
        "color": "grey",
        "font-weight": "lighter",
      }
    }
  >
    Welcome.
    <span
      style={
        Object {
          "color": "black",
          "font-weight": "bold",
        }
      }
    >
       W
    </span>
    ho
    <span
      style={
        Object {
          "color": "black",
          "font-weight": "bold",
        }
      }
    >
       A
    </span>
    re
    <span
      style={
        Object {
          "color": "black",
          "font-weight": "bold",
        }
      }
    >
       Y
    </span>
    ou?
  </h3>
  <form
    autoComplete="off"
    noValidate={true}
  >
    <div
      className="MuiFormControl-root-1 MuiFormControl-marginNormal-2"
      style={
        Object {
          "color": "grey",
          "font-weight": "lighter",
        }
      }
    >
      <label
        className="MuiFormLabel-root-10 MuiFormLabel-required-15 MuiInputLabel-root-5 MuiInputLabel-formControl-6 MuiInputLabel-animated-9"
        data-shrink={false}
      >
        given name
        <span
          className="MuiFormLabel-asterisk-16"
        >
           *
        </span>
      </label>
      <div
        className="MuiInput-root-17 MuiInput-formControl-18 MuiInput-underline-21"
      >
        <input
          aria-invalid={false}
          className="MuiInput-input-25"
          disabled={false}
          name="givenName"
          onBlur={[Function]}
          onChange={[Function]}
          onFocus={[Function]}
          required={true}
          type="text"
        />
      </div>
    </div>
    <div
      className="MuiFormControl-root-1 MuiFormControl-marginNormal-2"
      style={
        Object {
          "color": "grey",
          "font-weight": "lighter",
        }
      }
    >
      <label
        className="MuiFormLabel-root-10 MuiFormLabel-required-15 MuiInputLabel-root-5 MuiInputLabel-formControl-6 MuiInputLabel-animated-9"
        data-shrink={false}
      >
        family name
        <span
          className="MuiFormLabel-asterisk-16"
        >
           *
        </span>
      </label>
      <div
        className="MuiInput-root-17 MuiInput-formControl-18 MuiInput-underline-21"
      >
        <input
          aria-invalid={false}
          className="MuiInput-input-25"
          disabled={false}
          name="familyName"
          onBlur={[Function]}
          onChange={[Function]}
          onFocus={[Function]}
          required={true}
          type="text"
        />
      </div>
    </div>
  </form>
  <form
    autoComplete="off"
    noValidate={true}
  >
    <div
      className="MuiFormControl-root-1 MuiFormControl-marginNormal-2"
      style={
        Object {
          "color": "grey",
          "font-weight": "lighter",
        }
      }
    >
      <label
        className="MuiFormLabel-root-10 MuiFormLabel-required-15 MuiInputLabel-root-5 MuiInputLabel-formControl-6 MuiInputLabel-animated-9"
        data-shrink={false}
      >
        名
        <span
          className="MuiFormLabel-asterisk-16"
        >
           *
        </span>
      </label>
      <div
        className="MuiInput-root-17 MuiInput-formControl-18 MuiInput-underline-21"
      >
        <input
          aria-invalid={false}
          className="MuiInput-input-25"
          disabled={false}
          name="mei"
          onBlur={[Function]}
          onChange={[Function]}
          onFocus={[Function]}
          required={true}
          type="text"
          value=""
        />
      </div>
    </div>
    <div
      className="MuiFormControl-root-1 MuiFormControl-marginNormal-2"
      style={
        Object {
          "color": "grey",
          "font-weight": "lighter",
        }
      }
    >
      <label
        className="MuiFormLabel-root-10 MuiFormLabel-required-15 MuiInputLabel-root-5 MuiInputLabel-formControl-6 MuiInputLabel-animated-9"
        data-shrink={false}
      >
        姓
        <span
          className="MuiFormLabel-asterisk-16"
        >
           *
        </span>
      </label>
      <div
        className="MuiInput-root-17 MuiInput-formControl-18 MuiInput-underline-21"
      >
        <input
          aria-invalid={false}
          className="MuiInput-input-25"
          disabled={false}
          name="sei"
          onBlur={[Function]}
          onChange={[Function]}
          onFocus={[Function]}
          required={true}
          type="text"
          value=""
        />
      </div>
    </div>
  </form>
  <div>
    <div
      style={
        Object {
          "margin": "auto",
          "position": "relative",
          "width": "256px",
        }
      }
    >
      <div>
        <img
          src="/portrait.png"
          style={
            Object {
              "borderRadius": "50%",
              "height": "256px",
              "marginTop": "30px",
              "objectFit": "cover",
              "transform": "undefined undefined ",
              "width": "256px",
            }
          }
        />
      </div>
      <div>
        <input
          onChange={[Function]}
          style={
            Object {
              "display": "none",
            }
          }
          type="file"
        />
        <button
          className="MuiButtonBase-root-56 MuiButton-root-30 MuiButton-fab-47 MuiButton-mini-52 MuiButton-contained-41 MuiButton-raised-44"
          disabled={false}
          onBlur={[Function]}
          onClick={[Function]}
          onFocus={[Function]}
          onKeyDown={[Function]}
          onKeyUp={[Function]}
          onMouseDown={[Function]}
          onMouseLeave={[Function]}
          onMouseUp={[Function]}
          onTouchEnd={[Function]}
          onTouchMove={[Function]}
          onTouchStart={[Function]}
          style={
            Object {
              "backgroundColor": "#04B486",
              "color": "white",
              "margin": 0,
              "position": "absolute",
              "right": "32px",
              "top": "240px",
            }
          }
          tabIndex="0"
          type="button"
        >
          <span
            className="MuiButton-label-31"
          >
            <svg
              aria-hidden="true"
              className="MuiSvgIcon-root-59"
              focusable="false"
              viewBox="0 0 24 24"
            >
              <path
                d="M3 17.25V21h3.75L17.81 9.94l-3.75-3.75L3 17.25zM20.71 7.04c.39-.39.39-1.02 0-1.41l-2.34-2.34a.9959.9959 0 0 0-1.41 0l-1.83 1.83 3.75 3.75 1.83-1.83z"
              />
              <path
                d="M0 0h24v24H0z"
                fill="none"
              />
            </svg>
          </span>
          <span
            className="MuiTouchRipple-root-66"
          />
        </button>
      </div>
    </div>
  </div>
  <button
    className="MuiButtonBase-root-56 MuiButton-root-30 MuiButton-contained-41 MuiButton-raised-44"
    disabled={false}
    onBlur={[Function]}
    onClick={[Function]}
    onFocus={[Function]}
    onKeyDown={[Function]}
    onKeyUp={[Function]}
    onMouseDown={[Function]}
    onMouseLeave={[Function]}
    onMouseUp={[Function]}
    onTouchEnd={[Function]}
    onTouchMove={[Function]}
    onTouchStart={[Function]}
    tabIndex="0"
    type="button"
  >
    <span
      className="MuiButton-label-31"
    >
      GO
    </span>
    <span
      className="MuiTouchRipple-root-66"
    />
  </button>
</div>
`;
