// Jest Snapshot v1, https://goo.gl/fbAQLP

exports[`Users snapshot 1`] = `
<div
  className="User"
>
  <div>
    <header
      className="MuiPaper-root-10 MuiPaper-elevation4-16 MuiAppBar-root-1 MuiAppBar-positionStatic-5 MuiAppBar-colorDefault-7"
      style={
        Object {
          "height": "56px",
        }
      }
    >
      <div
        className="MuiToolbar-root-37 MuiToolbar-regular-39 MuiToolbar-gutters-38"
      >
        <div
          style={
            Object {
              "display": "table",
              "width": "100%",
            }
          }
        >
          <div
            style={
              Object {
                "display": "table-cell",
                "text-align": "center",
                "vertical-align": "middle",
              }
            }
          >
            <img
              alt="loading the way image..."
              src="/way.png"
              style={
                Object {
                  "height": "30px",
                }
              }
            />
          </div>
        </div>
      </div>
    </header>
  </div>
  <div
    style={
      Object {
        "padding": "10px 10px 10px",
        "textAlign": "left",
      }
    }
  >
    <div
      style={
        Object {
          "textAlign": "center",
        }
      }
    />
  </div>
</div>
`;
